C:/nxp/MCUXpressoIDE_24.12.148/ide/plugins/com.nxp.mcuxpresso.tools.win32_24.12.0.202407110909/tools/arm-none-eabi/include/c++/13.2.1/arm-none-eabi/thumb/v8-m.main+fp/hard/bits/gthr-default.h:229:1:int __gthread_key_delete(__gthread_key_t)	16	static
C:\Users\Domen\Documents\MCUXpressoIDE_24.12.148\workspace\custom_TaskModel\eiq\tensorflow-lite/tensorflow/lite/micro/micro_op_resolver.h:50:11:tflite::MicroOpResolver::~MicroOpResolver()	16	static
C:\Users\Domen\Documents\MCUXpressoIDE_24.12.148\workspace\custom_TaskModel\eiq\tensorflow-lite/tensorflow/lite/micro/micro_op_resolver.h:50:11:virtual tflite::MicroOpResolver::~MicroOpResolver()	16	static
C:\Users\Domen\Documents\MCUXpressoIDE_24.12.148\workspace\custom_TaskModel\eiq\tensorflow-lite/tensorflow/lite/micro/micro_mutable_op_resolver.h:45:7:tflite::MicroMutableOpResolver<3>::~MicroMutableOpResolver()	16	static
C:\Users\Domen\Documents\MCUXpressoIDE_24.12.148\workspace\custom_TaskModel\eiq\tensorflow-lite/tensorflow/lite/micro/micro_mutable_op_resolver.h:45:7:virtual tflite::MicroMutableOpResolver<3>::~MicroMutableOpResolver()	16	static
../source/model_mobilenet_ops_npu.cpp:12:26:tflite::MicroOpResolver& MODEL_GetOpsResolver()	48	static
C:\Users\Domen\Documents\MCUXpressoIDE_24.12.148\workspace\custom_TaskModel\eiq\tensorflow-lite/tensorflow/lite/micro/micro_op_resolver.h:34:7:constexpr tflite::MicroOpResolver::MicroOpResolver()	16	static
C:\Users\Domen\Documents\MCUXpressoIDE_24.12.148\workspace\custom_TaskModel\eiq\tensorflow-lite/tensorflow/lite/micro/micro_mutable_op_resolver.h:49:12:tflite::MicroMutableOpResolver<tOpCount>::MicroMutableOpResolver() [with unsigned int tOpCount = 3]	16	static
C:\Users\Domen\Documents\MCUXpressoIDE_24.12.148\workspace\custom_TaskModel\eiq\tensorflow-lite/tensorflow/lite/micro/micro_mutable_op_resolver.h:47:3:static void tflite::MicroMutableOpResolver<tOpCount>::operator delete(void*) [with unsigned int tOpCount = 3]	16	static
C:\Users\Domen\Documents\MCUXpressoIDE_24.12.148\workspace\custom_TaskModel\eiq\tensorflow-lite/tensorflow/lite/micro/micro_mutable_op_resolver.h:553:16:TfLiteStatus tflite::MicroMutableOpResolver<tOpCount>::AddSoftmax(const TFLMRegistration&) [with unsigned int tOpCount = 3]	16	static
C:\Users\Domen\Documents\MCUXpressoIDE_24.12.148\workspace\custom_TaskModel\eiq\tensorflow-lite/tensorflow/lite/micro/micro_mutable_op_resolver.h:220:16:TfLiteStatus tflite::MicroMutableOpResolver<tOpCount>::AddDequantize() [with unsigned int tOpCount = 3]	48	static
C:\Users\Domen\Documents\MCUXpressoIDE_24.12.148\workspace\custom_TaskModel\eiq\tensorflow-lite/tensorflow/lite/micro/micro_mutable_op_resolver.h:89:16:TfLiteStatus tflite::MicroMutableOpResolver<tOpCount>::AddCustom(const char*, const TFLMRegistration*) [with unsigned int tOpCount = 3]	40	static
C:\Users\Domen\Documents\MCUXpressoIDE_24.12.148\workspace\custom_TaskModel\eiq\tensorflow-lite/tensorflow/lite/micro/micro_mutable_op_resolver.h:665:16:TfLiteStatus tflite::MicroMutableOpResolver<tOpCount>::AddBuiltin(tflite::BuiltinOperator, const TFLMRegistration&, tflite::TfLiteBridgeBuiltinParseFunction) [with unsigned int tOpCount = 3]	32	static
C:\Users\Domen\Documents\MCUXpressoIDE_24.12.148\workspace\custom_TaskModel\eiq\tensorflow-lite/tensorflow/lite/micro/micro_mutable_op_resolver.h:63:27:const TFLMRegistration* tflite::MicroMutableOpResolver<tOpCount>::FindOp(const char*) const [with unsigned int tOpCount = 3]	24	static
C:\Users\Domen\Documents\MCUXpressoIDE_24.12.148\workspace\custom_TaskModel\eiq\tensorflow-lite/tensorflow/lite/micro/micro_mutable_op_resolver.h:51:27:const TFLMRegistration* tflite::MicroMutableOpResolver<tOpCount>::FindOp(tflite::BuiltinOperator) const [with unsigned int tOpCount = 3]	24	static
C:\Users\Domen\Documents\MCUXpressoIDE_24.12.148\workspace\custom_TaskModel\eiq\tensorflow-lite/tensorflow/lite/micro/micro_mutable_op_resolver.h:74:36:TfLiteStatus (* tflite::MicroMutableOpResolver<tOpCount>::GetOpDataParser(tflite::BuiltinOperator) const)(const tflite::Operator*, tflite::ErrorReporter*, tflite::BuiltinDataAllocator*, void**) [with unsigned int tOpCount = 3]	24	static
