../source/task_utils.c:27:6:initTaskTracking	16	static
../source/task_utils.c:40:30:getOrCreateTracker	24	static
../source/task_utils.c:66:10:calculateDuration	16	static
../source/task_utils.c:71:12:createCustomTask	40	static
../source/task_utils.c:92:6:addTaskStartTime	24	static
../source/task_utils.c:108:6:addTaskEndTime	24	static
../source/task_utils.c:127:6:printTaskExecutionStats	48	static
../source/task_utils.c:162:6:printAllTaskDurations	24	static
../source/task_utils.c:192:6:clearTaskTrackingData	8	static
../source/task_utils.c:198:6:printTaskName	16	static
../source/task_utils.c:204:6:printTask	16	static
../source/task_utils.c:220:6:printTaskType	16	static
../source/task_utils.c:235:6:printTaskList	16	static
../source/task_utils.c:248:6:printTaskListNames	16	static
../source/task_utils.c:259:6:addTaskToList	16	static
../source/task_utils.c:275:6:removeTaskFromList	24	static
../source/task_utils.c:296:5:getTaskCount	4	static
../source/task_utils.c:300:12:getTaskListElement	16	static
../source/task_utils.c:305:12:getTaskByIndex	16	static
../source/task_utils.c:312:12:isTaskHandleNull	16	static
../source/task_utils.c:327:12:getTaskByName	24	static
