../source/task_utils.c:29:6:initTaskTracking	16	static
../source/task_utils.c:42:30:getOrCreateTracker	24	static
../source/task_utils.c:68:10:calculateDuration	16	static
../source/task_utils.c:73:12:createCustomTask	40	static
../source/task_utils.c:94:6:addTaskStartTime	24	static
../source/task_utils.c:110:6:addTaskEndTime	24	static
../source/task_utils.c:129:6:printTaskExecutionStats	48	static
../source/task_utils.c:164:6:printAllTaskDurations	24	static
../source/task_utils.c:194:6:clearTaskTrackingData	8	static
../source/task_utils.c:200:6:printTaskName	16	static
../source/task_utils.c:206:6:printTask	16	static
../source/task_utils.c:222:6:printTaskType	16	static
../source/task_utils.c:237:6:printTaskList	16	static
../source/task_utils.c:250:6:printTaskListNames	16	static
../source/task_utils.c:261:6:addTaskToList	16	static
../source/task_utils.c:277:6:removeTaskFromList	24	static
../source/task_utils.c:298:5:getTaskCount	4	static
../source/task_utils.c:302:12:getTaskListElement	16	static
../source/task_utils.c:307:12:getTaskByIndex	16	static
../source/task_utils.c:314:12:isTaskHandleNull	16	static
../source/task_utils.c:323:12:getTaskByName	24	static
