../freertos/freertos-kernel/portable/GCC/ARM_CM33_NTZ/non_secure/port.c:778:32:vPortSetupTimerInterrupt	4	static
../freertos/freertos-kernel/portable/GCC/ARM_CM33_NTZ/non_secure/port.c:806:13:prvTaskExitError	16	static
../freertos/freertos-kernel/portable/GCC/ARM_CM33_NTZ/non_secure/port.c:974:6:vPortYield	4	static
../freertos/freertos-kernel/portable/GCC/ARM_CM33_NTZ/non_secure/port.c:986:6:vPortEnterCritical	8	static
../freertos/freertos-kernel/portable/GCC/ARM_CM33_NTZ/non_secure/port.c:998:6:vPortExitCritical	8	static
../freertos/freertos-kernel/portable/GCC/ARM_CM33_NTZ/non_secure/port.c:1012:6:SysTick_Handler	16	static
../freertos/freertos-kernel/portable/GCC/ARM_CM33_NTZ/non_secure/port.c:1038:6:vPortSVCHandler_C	24	static
../freertos/freertos-kernel/portable/GCC/ARM_CM33_NTZ/non_secure/port.c:1543:19:pxPortInitialiseStack	24	static
../freertos/freertos-kernel/portable/GCC/ARM_CM33_NTZ/non_secure/port.c:1626:12:xPortStartScheduler	24	static
../freertos/freertos-kernel/portable/GCC/ARM_CM33_NTZ/non_secure/port.c:1779:6:vPortEndScheduler	8	static
../freertos/freertos-kernel/portable/GCC/ARM_CM33_NTZ/non_secure/port.c:1972:12:xPortIsInsideInterrupt	16	static
../freertos/freertos-kernel/portable/GCC/ARM_CM33_NTZ/non_secure/port.c:1997:10:vPortValidateInterruptPriority	16	static
